// Jest Snapshot v1, https://goo.gl/fbAQLP

exports[`GitHubOIDCRole snapshot matches 1`] = `
Object {
  "Parameters": Object {
    "BootstrapVersion": Object {
      "Default": "/cdk-bootstrap/hnb659fds/version",
      "Description": "Version of the CDK Bootstrap resources in this environment, automatically retrieved from SSM Parameter Store. [cdk:skip]",
      "Type": "AWS::SSM::Parameter::Value<String>",
    },
  },
  "Resources": Object {
    "CustomAWSCDKOpenIdConnectProviderCustomResourceProviderHandlerF2C543E0": Object {
      "DependsOn": Array [
        "CustomAWSCDKOpenIdConnectProviderCustomResourceProviderRole517FED65",
      ],
      "Properties": Object {
        "Code": Object {
          "S3Bucket": "cdk-hnb659fds-assets-123456789012-us-east-1",
          "S3Key": "62fa02efcaa700e1c247e1d3cc2aa0cd07a0808a9a3e3d2230e51f57a02233fb.zip",
        },
        "Handler": "__entrypoint__.handler",
        "MemorySize": 128,
        "Role": Object {
          "Fn::GetAtt": Array [
            "CustomAWSCDKOpenIdConnectProviderCustomResourceProviderRole517FED65",
            "Arn",
          ],
        },
        "Runtime": "nodejs22.x",
        "Timeout": 900,
      },
      "Type": "AWS::Lambda::Function",
    },
    "CustomAWSCDKOpenIdConnectProviderCustomResourceProviderRole517FED65": Object {
      "Properties": Object {
        "AssumeRolePolicyDocument": Object {
          "Statement": Array [
            Object {
              "Action": "sts:AssumeRole",
              "Effect": "Allow",
              "Principal": Object {
                "Service": "lambda.amazonaws.com",
              },
            },
          ],
          "Version": "2012-10-17",
        },
        "ManagedPolicyArns": Array [
          Object {
            "Fn::Sub": "arn:\${AWS::Partition}:iam::aws:policy/service-role/AWSLambdaBasicExecutionRole",
          },
        ],
        "Policies": Array [
          Object {
            "PolicyDocument": Object {
              "Statement": Array [
                Object {
                  "Action": Array [
                    "iam:CreateOpenIDConnectProvider",
                    "iam:DeleteOpenIDConnectProvider",
                    "iam:UpdateOpenIDConnectProviderThumbprint",
                    "iam:AddClientIDToOpenIDConnectProvider",
                    "iam:RemoveClientIDFromOpenIDConnectProvider",
                  ],
                  "Effect": "Allow",
                  "Resource": "*",
                },
              ],
              "Version": "2012-10-17",
            },
            "PolicyName": "Inline",
          },
        ],
      },
      "Type": "AWS::IAM::Role",
    },
    "TestRoleGitHubActionsDeployRole7B9C61C1": Object {
      "Properties": Object {
        "AssumeRolePolicyDocument": Object {
          "Statement": Array [
            Object {
              "Action": "sts:AssumeRoleWithWebIdentity",
              "Condition": Object {
                "StringEquals": Object {
                  "token.actions.githubusercontent.com:aud": "sts.amazonaws.com",
                },
                "StringLike": Object {
                  "token.actions.githubusercontent.com:sub": "repo:testOrg/testRepo:ref:refs/heads/main",
                },
              },
              "Effect": "Allow",
              "Principal": Object {
                "Federated": Object {
                  "Ref": "TestRoleGitHubOIDCProviderF0B13399",
                },
              },
            },
          ],
          "Version": "2012-10-17",
        },
        "Description": "Allows GitHub Actions in testOrg/testRepo to deploy Hugo sites",
        "RoleName": "github-actions-testRepo-deploy",
      },
      "Type": "AWS::IAM::Role",
    },
    "TestRoleGitHubActionsDeployRoleDefaultPolicyD50FA80F": Object {
      "Properties": Object {
        "PolicyDocument": Object {
          "Statement": Array [
            Object {
              "Action": Array [
                "s3:GetObject*",
                "s3:GetBucket*",
                "s3:List*",
                "s3:DeleteObject*",
                "s3:PutObject",
                "s3:PutObjectLegalHold",
                "s3:PutObjectRetention",
                "s3:PutObjectTagging",
                "s3:PutObjectVersionTagging",
                "s3:Abort*",
              ],
              "Effect": "Allow",
              "Resource": Array [
                "arn:aws:s3:::test-bucket",
                "arn:aws:s3:::test-bucket/*",
              ],
            },
            Object {
              "Action": Array [
                "cloudfront:CreateInvalidation",
                "cloudfront:GetInvalidation",
              ],
              "Effect": "Allow",
              "Resource": "arn:aws:cloudfront::123456789012:distribution/testDistributionId",
              "Sid": "AllowCloudFrontInvalidation",
            },
          ],
          "Version": "2012-10-17",
        },
        "PolicyName": "TestRoleGitHubActionsDeployRoleDefaultPolicyD50FA80F",
        "Roles": Array [
          Object {
            "Ref": "TestRoleGitHubActionsDeployRole7B9C61C1",
          },
        ],
      },
      "Type": "AWS::IAM::Policy",
    },
    "TestRoleGitHubOIDCProviderF0B13399": Object {
      "DeletionPolicy": "Delete",
      "Properties": Object {
        "ClientIDList": Array [
          "sts.amazonaws.com",
        ],
        "CodeHash": "62fa02efcaa700e1c247e1d3cc2aa0cd07a0808a9a3e3d2230e51f57a02233fb",
        "RejectUnauthorized": false,
        "ServiceToken": Object {
          "Fn::GetAtt": Array [
            "CustomAWSCDKOpenIdConnectProviderCustomResourceProviderHandlerF2C543E0",
            "Arn",
          ],
        },
        "Url": "https://token.actions.githubusercontent.com",
      },
      "Type": "Custom::AWSCDKOpenIdConnectProvider",
      "UpdateReplacePolicy": "Delete",
    },
  },
  "Rules": Object {
    "CheckBootstrapVersion": Object {
      "Assertions": Array [
        Object {
          "Assert": Object {
            "Fn::Not": Array [
              Object {
                "Fn::Contains": Array [
                  Array [
                    "1",
                    "2",
                    "3",
                    "4",
                    "5",
                  ],
                  Object {
                    "Ref": "BootstrapVersion",
                  },
                ],
              },
            ],
          },
          "AssertDescription": "CDK bootstrap stack version 6 required. Please run 'cdk bootstrap' with a recent version of the CDK CLI.",
        },
      ],
    },
  },
}
`;
