// Jest Snapshot v1, https://goo.gl/fbAQLP

exports[`HugoContentDeploymentRole snapshot matches 1`] = `
Object {
  "Parameters": Object {
    "BootstrapVersion": Object {
      "Default": "/cdk-bootstrap/hnb659fds/version",
      "Description": "Version of the CDK Bootstrap resources in this environment, automatically retrieved from SSM Parameter Store. [cdk:skip]",
      "Type": "AWS::SSM::Parameter::Value<String>",
    },
  },
  "Resources": Object {
    "TestRoleGitHubActionsDeployRole7B9C61C1": Object {
      "Properties": Object {
        "AssumeRolePolicyDocument": Object {
          "Statement": Array [
            Object {
              "Action": "sts:AssumeRoleWithWebIdentity",
              "Condition": Object {
                "StringEquals": Object {
                  "token.actions.githubusercontent.com:aud": "sts.amazonaws.com",
                },
                "StringLike": Object {
                  "token.actions.githubusercontent.com:sub": "repo:testOrg/testRepo:ref:refs/heads/main",
                },
              },
              "Effect": "Allow",
              "Principal": Object {
                "Federated": "arn:aws:iam::123456789012:oidc-provider/token.actions.githubusercontent.com",
              },
            },
          ],
          "Version": "2012-10-17",
        },
        "Description": "Allows GitHub Actions in testOrg/testRepo to deploy Hugo sites",
        "RoleName": "github-actions-testRepo-deploy",
      },
      "Type": "AWS::IAM::Role",
    },
    "TestRoleGitHubActionsDeployRoleDefaultPolicyD50FA80F": Object {
      "Properties": Object {
        "PolicyDocument": Object {
          "Statement": Array [
            Object {
              "Action": Array [
                "s3:GetObject*",
                "s3:GetBucket*",
                "s3:List*",
                "s3:DeleteObject*",
                "s3:PutObject",
                "s3:PutObjectLegalHold",
                "s3:PutObjectRetention",
                "s3:PutObjectTagging",
                "s3:PutObjectVersionTagging",
                "s3:Abort*",
              ],
              "Effect": "Allow",
              "Resource": Array [
                "arn:aws:s3:::test-bucket",
                "arn:aws:s3:::test-bucket/*",
              ],
            },
            Object {
              "Action": Array [
                "cloudfront:CreateInvalidation",
                "cloudfront:GetInvalidation",
              ],
              "Effect": "Allow",
              "Resource": "arn:aws:cloudfront::123456789012:distribution/testDistributionId",
              "Sid": "AllowCloudFrontInvalidation",
            },
          ],
          "Version": "2012-10-17",
        },
        "PolicyName": "TestRoleGitHubActionsDeployRoleDefaultPolicyD50FA80F",
        "Roles": Array [
          Object {
            "Ref": "TestRoleGitHubActionsDeployRole7B9C61C1",
          },
        ],
      },
      "Type": "AWS::IAM::Policy",
    },
  },
  "Rules": Object {
    "CheckBootstrapVersion": Object {
      "Assertions": Array [
        Object {
          "Assert": Object {
            "Fn::Not": Array [
              Object {
                "Fn::Contains": Array [
                  Array [
                    "1",
                    "2",
                    "3",
                    "4",
                    "5",
                  ],
                  Object {
                    "Ref": "BootstrapVersion",
                  },
                ],
              },
            ],
          },
          "AssertDescription": "CDK bootstrap stack version 6 required. Please run 'cdk bootstrap' with a recent version of the CDK CLI.",
        },
      ],
    },
  },
}
`;
